## visual: exit 0
预检（不调用接口）
  Gate 1 Platform: PASS（仅静态检查）
  标题  AI 扩张的交期｜也写在电网里（15/32）
  作者  甲木（2/16）
  摘要  算力计划，需要一张供电时间表（14/120）
  原文链接  https://www.iea.org/reports/key-questions-on-energy-and-ai/executive-summary
  封面  /home/user/wechat-article-skill/audit/cases/../../eval/images/cover.jpg · 1080×460（2.35:1）· 73KB
  正文图片  1 张待上传
  留言 开 · 仅粉丝 否 · 建草稿后止步

预检通过：仅本地工程检查；事实、裁切与微信清洗仍须人工核对

## brief: exit 1
预检（不调用接口）
  Gate 1 Platform: PASS（仅静态检查）
  标题  从席位到用量｜谁承担收入的不确定性（17/32）
  作者  甲木（2/16）
  摘要  用量定价不是免费的午餐。它改变了收入怎样发生，也改变了客户与供应商各自承担什么风险。（42/120）
  原文链接  （无）
  封面  ⚠ 未设置（草稿必须有封面）
  正文图片  0 张待上传
  留言 开 · 仅粉丝 否 · 建草稿后止步

预检未通过：先修完再发

## longread: exit 0
预检（不调用接口）
  Gate 1 Platform: PASS（仅静态检查）
  标题  好系统为什么都很无聊｜关于基础设施的几个判断（22/32）
  作者  甲木（2/16）
  摘要  一个系统被夸得越少，它可能越成功——因为它唯一的成绩，就是什么都没发生。（36/120）
  原文链接  （无）
  封面  /home/user/wechat-article-skill/audit/cases/../../eval/images/cover.jpg · 1080×460（2.35:1）· 73KB
  正文图片  0 张待上传
  留言 开 · 仅粉丝 否 · 建草稿后止步

预检通过：仅本地工程检查；事实、裁切与微信清洗仍须人工核对

## portrait: exit 1
  必须改 · 正文仍有待补素材
预检（不调用接口）
  Gate 1 Platform: PASS（仅静态检查）
  标题  山上那个人｜和他守着的那条线（14/32）
  作者  甲木（2/16）
  摘要  【虚构叙事练习】老周在那条线上走了十九年。问他工作的意义，他想了很久，说了一句：就是把电送过去。（48/120）
  原文链接  （无）
  封面  /home/user/wechat-article-skill/audit/cases/../../eval/images/cover.jpg · 1080×460（2.35:1）· 73KB
  正文图片  1 张待上传
  留言 开 · 仅粉丝 否 · 建草稿后止步

预检未通过：先修完再发

## skills: exit 1
预检（不调用接口）
  Gate 1 Platform: PASS（仅静态检查）
  标题  做了些爆款 Skills 以后，｜我对 Skills 的看法（30/32）
  作者  甲木（2/16）
  摘要  【观点与排版演示】我认为，Agent 时代值得积累的，是把人的经验、工作流和品味，变成可以分发、调用、迭代的能力商品。（59/120）
  原文链接  （无）
  封面  ⚠ 未设置（草稿必须有封面）
  正文图片  0 张待上传
  留言 开 · 仅粉丝 否 · 建草稿后止步

预检未通过：先修完再发
